../Drivers/CMSIS/Include/core_cm4.h:2064:26:ITM_SendChar	16	static,ignoring_inline_asm
../Core/Src/main.c:89:5:main	8	static
../Core/Src/main.c:153:6:SystemClock_Config	88	static
../Core/Src/main.c:204:13:MX_TIM1_Init	96	static
../Core/Src/main.c:287:13:MX_TIM8_Init	96	static
../Core/Src/main.c:362:13:MX_TIM12_Init	56	static
../Core/Src/main.c:410:13:MX_USART2_UART_Init	8	static
../Core/Src/main.c:441:13:MX_GPIO_Init	40	static
../Core/Src/main.c:468:5:__io_putchar	16	static
../Core/Src/main.c:478:6:emergency_shutdown	8	static
../Core/Src/main.c:503:6:HAL_TIMEx_BreakCallback	16	static
../Core/Src/main.c:514:6:set_viewing_light_lvl	24	static
../Core/Src/main.c:533:6:Error_Handler	4	static,ignoring_inline_asm
