../Drivers/CMSIS/Include/core_cm4.h:2064:26:ITM_SendChar	16	static,ignoring_inline_asm
../Core/Src/main.c:122:5:main	24	static
../Core/Src/main.c:219:6:SystemClock_Config	88	static
../Core/Src/main.c:270:13:MX_ADC1_Init	24	static
../Core/Src/main.c:327:13:MX_TIM1_Init	96	static
../Core/Src/main.c:410:13:MX_TIM2_Init	32	static
../Core/Src/main.c:452:13:MX_TIM8_Init	96	static
../Core/Src/main.c:527:13:MX_TIM12_Init	56	static
../Core/Src/main.c:575:13:MX_USART2_UART_Init	8	static
../Core/Src/main.c:604:13:MX_DMA_Init	16	static
../Core/Src/main.c:621:13:MX_GPIO_Init	40	static
../Core/Src/main.c:648:5:__io_putchar	16	static
../Core/Src/main.c:658:6:emergency_shutdown	8	static
../Core/Src/main.c:682:6:HAL_TIMEx_BreakCallback	16	static
../Core/Src/main.c:693:6:set_viewing_light_lvl	24	static
../Core/Src/main.c:721:7:get_battery_voltage	16	static
../Core/Src/main.c:736:7:get_internal_temperature	16	static
../Core/Src/main.c:749:6:Error_Handler	4	static,ignoring_inline_asm
