../Drivers/CMSIS/Include/core_cm4.h:2064:26:ITM_SendChar	16	static,ignoring_inline_asm
../Core/BNO055/bno055_stm32.h:32:6:bno055_assignI2C	16	static
../Core/BNO055/bno055_stm32.h:36:6:bno055_delay	16	static
../Core/BNO055/bno055_stm32.h:44:6:bno055_writeData	40	static
../Core/BNO055/bno055_stm32.h:109:6:bno055_readData	24	static
../Core/Src/main.c:151:5:main	40	static
../Core/Src/main.c:297:6:SystemClock_Config	88	static
../Core/Src/main.c:352:13:MX_ADC1_Init	24	static
../Core/Src/main.c:413:13:MX_I2C1_Init	8	static
../Core/Src/main.c:447:13:MX_TIM1_Init	96	static
../Core/Src/main.c:534:13:MX_TIM2_Init	32	static
../Core/Src/main.c:579:13:MX_TIM8_Init	96	static
../Core/Src/main.c:658:13:MX_UART4_Init	8	static
../Core/Src/main.c:691:13:MX_USART2_UART_Init	8	static
../Core/Src/main.c:722:13:MX_DMA_Init	16	static
../Core/Src/main.c:747:13:MX_GPIO_Init	40	static
../Core/Src/main.c:775:5:__io_putchar	16	static
../Core/Src/main.c:804:6:emergency_shutdown	8	static
../Core/Src/main.c:833:6:HAL_TIMEx_BreakCallback	16	static
../Core/Src/main.c:861:7:get_battery_voltage	16	static
../Core/Src/main.c:876:7:get_internal_temperature	16	static
../Core/Src/main.c:889:6:Error_Handler	4	static,ignoring_inline_asm
