../Drivers/CMSIS/Include/core_cm4.h:2064:26:ITM_SendChar	16	static,ignoring_inline_asm
../Core/Src/main.c:114:5:main	24	static
../Core/Src/main.c:211:6:SystemClock_Config	88	static
../Core/Src/main.c:262:13:MX_ADC1_Init	24	static
../Core/Src/main.c:319:13:MX_TIM1_Init	96	static
../Core/Src/main.c:402:13:MX_TIM2_Init	32	static
../Core/Src/main.c:444:13:MX_TIM8_Init	96	static
../Core/Src/main.c:519:13:MX_TIM12_Init	56	static
../Core/Src/main.c:567:13:MX_USART2_UART_Init	8	static
../Core/Src/main.c:596:13:MX_DMA_Init	16	static
../Core/Src/main.c:613:13:MX_GPIO_Init	40	static
../Core/Src/main.c:640:5:__io_putchar	16	static
../Core/Src/main.c:650:6:emergency_shutdown	8	static
../Core/Src/main.c:674:6:HAL_TIMEx_BreakCallback	16	static
../Core/Src/main.c:685:6:set_viewing_light_lvl	24	static
../Core/Src/main.c:713:7:get_battery_voltage	16	static
../Core/Src/main.c:728:7:get_internal_temperature	16	static
../Core/Src/main.c:741:6:Error_Handler	4	static,ignoring_inline_asm
