../Drivers/CMSIS/Include/core_cm4.h:2064:26:ITM_SendChar	16	static,ignoring_inline_asm
../Core/BNO055/bno055_stm32.h:22:6:bno055_assignI2C	16	static
../Core/BNO055/bno055_stm32.h:26:6:bno055_delay	16	static
../Core/BNO055/bno055_stm32.h:34:6:bno055_writeData	40	static
../Core/BNO055/bno055_stm32.h:99:6:bno055_readData	24	static
../Core/Src/main.c:148:5:main	40	static
../Core/Src/main.c:294:6:SystemClock_Config	88	static
../Core/Src/main.c:349:13:MX_ADC1_Init	24	static
../Core/Src/main.c:410:13:MX_I2C1_Init	8	static
../Core/Src/main.c:444:13:MX_TIM1_Init	96	static
../Core/Src/main.c:531:13:MX_TIM2_Init	32	static
../Core/Src/main.c:576:13:MX_TIM8_Init	96	static
../Core/Src/main.c:655:13:MX_TIM12_Init	24	static
../Core/Src/main.c:693:13:MX_USART2_UART_Init	8	static
../Core/Src/main.c:724:13:MX_DMA_Init	16	static
../Core/Src/main.c:742:13:MX_GPIO_Init	40	static
../Core/Src/main.c:770:5:__io_putchar	16	static
../Core/Src/main.c:799:6:emergency_shutdown	8	static
../Core/Src/main.c:829:6:HAL_TIMEx_BreakCallback	16	static
../Core/Src/main.c:857:7:get_battery_voltage	16	static
../Core/Src/main.c:872:7:get_internal_temperature	16	static
../Core/Src/main.c:885:6:Error_Handler	4	static,ignoring_inline_asm
