../Drivers/CMSIS/Include/core_cm4.h:2064:26:ITM_SendChar	16	static,ignoring_inline_asm
../Core/BNO055/bno055_stm32.h:22:6:bno055_assignI2C	16	static
../Core/BNO055/bno055_stm32.h:26:6:bno055_delay	16	static
../Core/BNO055/bno055_stm32.h:34:6:bno055_writeData	40	static
../Core/BNO055/bno055_stm32.h:99:6:bno055_readData	24	static
../Core/Src/main.c:152:5:main	40	static
../Core/Src/main.c:302:6:SystemClock_Config	88	static
../Core/Src/main.c:357:13:MX_ADC1_Init	24	static
../Core/Src/main.c:418:13:MX_I2C1_Init	8	static
../Core/Src/main.c:452:13:MX_TIM1_Init	96	static
../Core/Src/main.c:539:13:MX_TIM2_Init	32	static
../Core/Src/main.c:584:13:MX_TIM8_Init	96	static
../Core/Src/main.c:663:13:MX_TIM12_Init	56	static
../Core/Src/main.c:715:13:MX_USART2_UART_Init	8	static
../Core/Src/main.c:746:13:MX_DMA_Init	16	static
../Core/Src/main.c:764:13:MX_GPIO_Init	40	static
../Core/Src/main.c:792:5:__io_putchar	16	static
../Core/Src/main.c:821:6:emergency_shutdown	8	static
../Core/Src/main.c:851:6:HAL_TIMEx_BreakCallback	16	static
../Core/Src/main.c:872:6:set_viewing_light_lvl	24	static
../Core/Src/main.c:900:7:get_battery_voltage	16	static
../Core/Src/main.c:915:7:get_internal_temperature	16	static
../Core/Src/main.c:928:6:Error_Handler	4	static,ignoring_inline_asm
