../Drivers/CMSIS/Include/core_cm4.h:2064:26:ITM_SendChar	4
../Core/BNO055/bno055_stm32.h:22:6:bno055_assignI2C	1
../Core/BNO055/bno055_stm32.h:26:6:bno055_delay	1
../Core/BNO055/bno055_stm32.h:34:6:bno055_writeData	23
../Core/BNO055/bno055_stm32.h:98:6:bno055_readData	1
../Core/Src/main.c:150:5:main	5
../Core/Src/main.c:286:6:SystemClock_Config	4
../Core/Src/main.c:337:13:MX_ADC1_Init	4
../Core/Src/main.c:394:13:MX_I2C1_Init	2
../Core/Src/main.c:426:13:MX_TIM1_Init	10
../Core/Src/main.c:509:13:MX_TIM2_Init	4
../Core/Src/main.c:551:13:MX_TIM8_Init	8
../Core/Src/main.c:626:13:MX_TIM12_Init	5
../Core/Src/main.c:674:13:MX_USART2_UART_Init	2
../Core/Src/main.c:703:13:MX_DMA_Init	1
../Core/Src/main.c:720:13:MX_GPIO_Init	1
../Core/Src/main.c:747:5:__io_putchar	1
../Core/Src/main.c:776:6:emergency_shutdown	2
../Core/Src/main.c:802:6:HAL_TIMEx_BreakCallback	5
../Core/Src/main.c:823:6:set_viewing_light_lvl	3
../Core/Src/main.c:851:7:get_battery_voltage	1
../Core/Src/main.c:866:7:get_internal_temperature	1
../Core/Src/main.c:879:6:Error_Handler	1
