../Drivers/CMSIS/Include/core_cm4.h:2064:26:ITM_SendChar	16	static,ignoring_inline_asm
../Core/BNO055/bno055_stm32.h:32:6:bno055_assignI2C	16	static
../Core/BNO055/bno055_stm32.h:36:6:bno055_delay	16	static
../Core/BNO055/bno055_stm32.h:44:6:bno055_writeData	40	static
../Core/BNO055/bno055_stm32.h:109:6:bno055_readData	24	static
../Core/Src/main.c:183:5:main	96	static,ignoring_inline_asm
../Core/Src/main.c:384:6:SystemClock_Config	88	static
../Core/Src/main.c:439:13:MX_ADC1_Init	24	static
../Core/Src/main.c:500:13:MX_I2C1_Init	8	static
../Core/Src/main.c:534:13:MX_TIM1_Init	96	static
../Core/Src/main.c:621:13:MX_TIM2_Init	32	static
../Core/Src/main.c:666:13:MX_TIM8_Init	96	static
../Core/Src/main.c:745:13:MX_UART4_Init	8	static
../Core/Src/main.c:778:13:MX_USART2_UART_Init	8	static
../Core/Src/main.c:809:13:MX_DMA_Init	16	static
../Core/Src/main.c:834:13:MX_GPIO_Init	40	static
../Core/Src/main.c:862:5:__io_putchar	16	static
../Core/Src/main.c:891:6:emergency_shutdown	8	static
../Core/Src/main.c:920:6:HAL_TIMEx_BreakCallback	16	static
../Core/Src/main.c:948:7:get_battery_voltage	16	static
../Core/Src/main.c:963:7:get_internal_temperature	16	static
../Core/Src/main.c:977:13:read_sensors	8	static
../Core/Src/main.c:1016:17:to_u16_x10	16	static
../Core/Src/main.c:1036:16:to_i16_x10	24	static
../Core/Src/main.c:1049:13:apply_command	16	static
../Core/Src/main.c:1074:13:apply_failsafe	8	static
../Core/Src/main.c:1094:13:send_telemetry	24	static
../Core/Src/main.c:1120:6:HAL_UARTEx_RxEventCallback	24	static
../Core/Src/main.c:1136:6:HAL_UART_ErrorCallback	16	static
../Core/Src/main.c:1149:6:Error_Handler	4	static,ignoring_inline_asm
