../Drivers/CMSIS/Include/core_cm4.h:2064:26:ITM_SendChar	16	static,ignoring_inline_asm
../Core/Src/main.c:85:5:main	8	static
../Core/Src/main.c:149:6:SystemClock_Config	88	static
../Core/Src/main.c:200:13:MX_TIM1_Init	96	static
../Core/Src/main.c:283:13:MX_TIM8_Init	96	static
../Core/Src/main.c:358:13:MX_TIM12_Init	56	static
../Core/Src/main.c:406:13:MX_USART2_UART_Init	8	static
../Core/Src/main.c:437:13:MX_GPIO_Init	40	static
../Core/Src/main.c:464:5:__io_putchar	16	static
../Core/Src/main.c:481:6:HAL_TIMEx_BreakCallback	16	static
../Core/Src/main.c:504:6:set_led_brightness	24	static
../Core/Src/main.c:521:6:Error_Handler	4	static,ignoring_inline_asm
