../Drivers/CMSIS/Include/core_cm4.h:2064:26:ITM_SendChar	16	static,ignoring_inline_asm
../Core/Src/main.c:164:8:get_max	24	static
../Core/Src/main.c:108:5:main	56	static
../Core/Src/main.c:198:6:SystemClock_Config	88	static
../Core/Src/main.c:249:13:MX_ADC1_Init	24	static
../Core/Src/main.c:306:13:MX_TIM1_Init	96	static
../Core/Src/main.c:389:13:MX_TIM2_Init	32	static
../Core/Src/main.c:431:13:MX_TIM8_Init	96	static
../Core/Src/main.c:506:13:MX_TIM12_Init	56	static
../Core/Src/main.c:554:13:MX_USART2_UART_Init	8	static
../Core/Src/main.c:583:13:MX_DMA_Init	16	static
../Core/Src/main.c:600:13:MX_GPIO_Init	40	static
../Core/Src/main.c:627:5:__io_putchar	16	static
../Core/Src/main.c:637:6:emergency_shutdown	8	static
../Core/Src/main.c:662:6:HAL_TIMEx_BreakCallback	16	static
../Core/Src/main.c:673:6:set_viewing_light_lvl	24	static
../Core/Src/main.c:686:7:get_battery_voltage	24	static
../Core/Src/main.c:698:6:Error_Handler	4	static,ignoring_inline_asm
