../Drivers/CMSIS/Include/core_cm4.h:2064:26:ITM_SendChar	16	static,ignoring_inline_asm
../Core/BNO055/bno055_stm32.h:22:6:bno055_assignI2C	16	static
../Core/BNO055/bno055_stm32.h:26:6:bno055_delay	16	static
../Core/BNO055/bno055_stm32.h:34:6:bno055_writeData	40	static
../Core/BNO055/bno055_stm32.h:98:6:bno055_readData	24	static
../Core/Src/main.c:150:5:main	40	static
../Core/Src/main.c:292:6:SystemClock_Config	88	static
../Core/Src/main.c:347:13:MX_ADC1_Init	24	static
../Core/Src/main.c:408:13:MX_I2C1_Init	8	static
../Core/Src/main.c:442:13:MX_TIM1_Init	96	static
../Core/Src/main.c:529:13:MX_TIM2_Init	32	static
../Core/Src/main.c:574:13:MX_TIM8_Init	96	static
../Core/Src/main.c:653:13:MX_TIM12_Init	56	static
../Core/Src/main.c:705:13:MX_USART2_UART_Init	8	static
../Core/Src/main.c:736:13:MX_DMA_Init	16	static
../Core/Src/main.c:754:13:MX_GPIO_Init	40	static
../Core/Src/main.c:782:5:__io_putchar	16	static
../Core/Src/main.c:811:6:emergency_shutdown	8	static
../Core/Src/main.c:837:6:HAL_TIMEx_BreakCallback	16	static
../Core/Src/main.c:858:6:set_viewing_light_lvl	24	static
../Core/Src/main.c:886:7:get_battery_voltage	16	static
../Core/Src/main.c:901:7:get_internal_temperature	16	static
../Core/Src/main.c:914:6:Error_Handler	4	static,ignoring_inline_asm
