../Drivers/CMSIS/Include/core_cm4.h:2064:26:ITM_SendChar	4
../Core/BNO055/bno055_stm32.h:32:6:bno055_assignI2C	1
../Core/BNO055/bno055_stm32.h:36:6:bno055_delay	1
../Core/BNO055/bno055_stm32.h:44:6:bno055_writeData	23
../Core/BNO055/bno055_stm32.h:109:6:bno055_readData	1
../Core/Src/main.c:150:5:main	7
../Core/Src/main.c:296:6:SystemClock_Config	4
../Core/Src/main.c:351:13:MX_ADC1_Init	4
../Core/Src/main.c:412:13:MX_I2C1_Init	2
../Core/Src/main.c:446:13:MX_TIM1_Init	10
../Core/Src/main.c:533:13:MX_TIM2_Init	4
../Core/Src/main.c:578:13:MX_TIM8_Init	8
../Core/Src/main.c:657:13:MX_UART4_Init	2
../Core/Src/main.c:690:13:MX_USART2_UART_Init	2
../Core/Src/main.c:721:13:MX_DMA_Init	1
../Core/Src/main.c:746:13:MX_GPIO_Init	1
../Core/Src/main.c:774:5:__io_putchar	1
../Core/Src/main.c:803:6:emergency_shutdown	2
../Core/Src/main.c:832:6:HAL_TIMEx_BreakCallback	3
../Core/Src/main.c:860:7:get_battery_voltage	1
../Core/Src/main.c:875:7:get_internal_temperature	1
../Core/Src/main.c:888:6:Error_Handler	1
