../Drivers/CMSIS/Include/core_cm4.h:2064:26:ITM_SendChar	16	static,ignoring_inline_asm
../Core/Src/main.c:111:5:main	24	static
../Core/Src/main.c:206:6:SystemClock_Config	88	static
../Core/Src/main.c:257:13:MX_ADC1_Init	24	static
../Core/Src/main.c:314:13:MX_TIM1_Init	96	static
../Core/Src/main.c:397:13:MX_TIM2_Init	32	static
../Core/Src/main.c:439:13:MX_TIM8_Init	96	static
../Core/Src/main.c:514:13:MX_TIM12_Init	56	static
../Core/Src/main.c:562:13:MX_USART2_UART_Init	8	static
../Core/Src/main.c:591:13:MX_DMA_Init	16	static
../Core/Src/main.c:608:13:MX_GPIO_Init	40	static
../Core/Src/main.c:635:5:__io_putchar	16	static
../Core/Src/main.c:645:6:emergency_shutdown	8	static
../Core/Src/main.c:669:6:HAL_TIMEx_BreakCallback	16	static
../Core/Src/main.c:680:6:set_viewing_light_lvl	24	static
../Core/Src/main.c:708:7:get_battery_voltage	16	static
../Core/Src/main.c:721:6:Error_Handler	4	static,ignoring_inline_asm
