../Core/BNO055/bno055.c:18:6:bno055_setPage	16	static
../Core/BNO055/bno055.c:40:17:bno055_getOperationMode	16	static
../Core/BNO055/bno055.c:64:6:bno055_setOperationMode	16	static
../Core/BNO055/bno055.c:76:6:bno055_setOperationModeConfig	8	static
../Core/BNO055/bno055.c:85:6:bno055_setOperationModeNDOF	8	static
../Core/BNO055/bno055.c:96:6:bno055_setExternalCrystalUse	24	static
../Core/BNO055/bno055.c:108:6:bno055_enableExternalCrystal	8	static
../Core/BNO055/bno055.c:115:6:bno055_disableExternalCrystal	8	static
../Core/BNO055/bno055.c:126:6:bno055_reset	8	static
../Core/BNO055/bno055.c:136:8:bno055_getTemp	16	static
../Core/BNO055/bno055.c:147:9:bno055_setup	16	static
../Core/BNO055/bno055.c:172:9:bno055_getSWRevision	16	static
../Core/BNO055/bno055.c:185:9:bno055_getBootloaderRevision	16	static
../Core/BNO055/bno055.c:204:9:bno055_getSystemStatus	16	static
../Core/BNO055/bno055.c:216:27:bno055_getSelfTestResult	24	static
../Core/BNO055/bno055.c:245:9:bno055_getSystemError	16	static
../Core/BNO055/bno055.c:252:28:bno055_getCalibrationState	24	static
../Core/BNO055/bno055.c:265:27:bno055_getCalibrationData	72	static
../Core/BNO055/bno055.c:286:6:bno055_setCalibrationData	32	static
../Core/BNO055/bno055.c:320:17:bno055_getVector	144	static
../Core/BNO055/bno055.c:364:17:bno055_getVectorAccelerometer	88	static
../Core/BNO055/bno055.c:372:17:bno055_getVectorMagnetometer	88	static
../Core/BNO055/bno055.c:380:17:bno055_getVectorGyroscope	88	static
../Core/BNO055/bno055.c:388:17:bno055_getVectorEuler	88	static
../Core/BNO055/bno055.c:397:17:bno055_getVectorLinearAccel	88	static
../Core/BNO055/bno055.c:405:17:bno055_getVectorGravity	88	static
../Core/BNO055/bno055.c:413:17:bno055_getVectorQuaternion	88	static
../Core/BNO055/bno055.c:434:6:bno055_setAxisMap	24	static
../Core/BNO055/bno055.c:450:9:bno055_getUnitSelection	16	static
../Core/BNO055/bno055.c:476:6:bno055_printUnits	16	static
../Core/BNO055/bno055.c:516:6:bno055_runCalibration	48	static
