../Core/BNO055/bno055.c:30:6:bno055_setPage	16	static
../Core/BNO055/bno055.c:52:17:bno055_getOperationMode	16	static
../Core/BNO055/bno055.c:76:6:bno055_setOperationMode	16	static
../Core/BNO055/bno055.c:88:6:bno055_setOperationModeConfig	8	static
../Core/BNO055/bno055.c:97:6:bno055_setOperationModeNDOF	8	static
../Core/BNO055/bno055.c:108:6:bno055_setExternalCrystalUse	24	static
../Core/BNO055/bno055.c:120:6:bno055_enableExternalCrystal	8	static
../Core/BNO055/bno055.c:127:6:bno055_disableExternalCrystal	8	static
../Core/BNO055/bno055.c:138:6:bno055_reset	8	static
../Core/BNO055/bno055.c:148:8:bno055_getTemp	16	static
../Core/BNO055/bno055.c:159:6:bno055_setup	16	static
../Core/BNO055/bno055.c:183:9:bno055_getSWRevision	16	static
../Core/BNO055/bno055.c:196:9:bno055_getBootloaderRevision	16	static
../Core/BNO055/bno055.c:215:9:bno055_getSystemStatus	16	static
../Core/BNO055/bno055.c:227:27:bno055_getSelfTestResult	24	static
../Core/BNO055/bno055.c:256:9:bno055_getSystemError	16	static
../Core/BNO055/bno055.c:263:28:bno055_getCalibrationState	24	static
../Core/BNO055/bno055.c:276:27:bno055_getCalibrationData	72	static
../Core/BNO055/bno055.c:297:6:bno055_setCalibrationData	32	static
../Core/BNO055/bno055.c:331:17:bno055_getVector	144	static
../Core/BNO055/bno055.c:375:17:bno055_getVectorAccelerometer	88	static
../Core/BNO055/bno055.c:383:17:bno055_getVectorMagnetometer	88	static
../Core/BNO055/bno055.c:391:17:bno055_getVectorGyroscope	88	static
../Core/BNO055/bno055.c:399:17:bno055_getVectorEuler	88	static
../Core/BNO055/bno055.c:408:17:bno055_getVectorLinearAccel	88	static
../Core/BNO055/bno055.c:416:17:bno055_getVectorGravity	88	static
../Core/BNO055/bno055.c:424:17:bno055_getVectorQuaternion	88	static
../Core/BNO055/bno055.c:445:6:bno055_setAxisMap	24	static
../Core/BNO055/bno055.c:461:9:bno055_getUnitSelection	16	static
../Core/BNO055/bno055.c:487:6:bno055_printUnits	16	static
../Core/BNO055/bno055.c:527:6:bno055_runCalibration	48	static
