../Core/Bar30/bar30.c:25:16:get_conv_delay	16	static
../Core/Bar30/bar30.c:30:13:send_command	24	static
../Core/Bar30/bar30.c:36:13:read_adc	32	static
../Core/Bar30/bar30.c:47:13:read_prom_word	40	static
../Core/Bar30/bar30.c:69:16:calculate_crc4	40	static
../Core/Bar30/bar30.c:99:6:MS5837_CheckCRC	24	static
../Core/Bar30/bar30.c:105:6:MS5837_Init	24	static
../Core/Bar30/bar30.c:144:6:MS5837_SetSurfaceReference	16	static
../Core/Bar30/bar30.c:148:7:MS5837_GetSurfaceReference	16	static
../Core/Bar30/bar30.c:152:6:MS5837_SetModel	16	static
../Core/Bar30/bar30.c:157:16:MS5837_GetModel	16	static
../Core/Bar30/bar30.c:174:13:calculate	464	static
../Core/Bar30/bar30.c:217:6:MS5837_Read	32	static
../Core/Bar30/bar30.c:245:6:MS5837_SetFluidDensity	16	static
../Core/Bar30/bar30.c:249:7:MS5837_GetFluidDensity	16	static
../Core/Bar30/bar30.c:253:7:MS5837_GetDepth	24	static
../Core/Bar30/bar30.c:259:6:MS5837_SetI2C	16	static
../Core/Bar30/bar30.c:264:6:MS5837_SetOSR	16	static
../Core/Bar30/bar30.c:268:14:MS5837_GetOSR	16	static
